-- Selecting Windows SDK version 10.0.26100.0 to target Windows 10.0.22631.
-- Game name  : CPGE
-- Renderer   : DX11  (define: __USE_DIRECTX_11__)
-- Output exe : DXCPGE
-- Vulkan SDK include : D:/VulkanSDK/1.4.350.0/include
-- Vulkan SDK lib dir : D:/VulkanSDK/1.4.350.0/Lib
-- Shader compiler: D:/Windows Kits/10/bin/10.0.22621.0/x64/fxc.exe
-- [Shaders] DirectX: fxc.exe compiling HLSL shaders
-- [Shaders] OpenGL: GLSL source files copied to output dir (loaded at runtime)
-- [Shaders] Vulkan: glslangValidator compiling ModelVertex.vert
-- [Shaders] Vulkan: glslangValidator compiling ModelPixel.frag
-- Configuring done (0.8s)
-- Generating done (0.5s)
-- Build files have been written to: F:/Projects/C++/CPGE2026/build/Debug
MSBuild version 17.14.40+3e7442088 for .NET Framework

  1>Checking Build System
  FXC: DefaultVertex.hlsl -^> VertexShader.cso	FXC: DefaultPixel.hlsl -^> PixelShader.cso	FXC: ModelVertex.hlsl -^> ModelVShader.cso	FXC: ModelPixel.hlsl -^> ModelPShader.cso	glslangValidator: ModelVertex.vert -^> ModelVertex.vert.spv	glslangValidator: ModelPixel.frag -^> ModelPixel.frag.spv	Incrementing build version
  compilation object save succeeded; see F:\Projects\C++\CPGE2026\build\Debug\Debug\VertexShader.cso
  compilation object save succeeded; see F:\Projects\C++\CPGE2026\build\Debug\Debug\PixelShader.cso
  compilation object save succeeded; see F:\Projects\C++\CPGE2026\build\Debug\Debug\ModelVShader.cso
F:\Projects\C++\CPGE2026\Assets\Shaders\ModelPixel.hlsl(211,31): warning X4000: use of potentially uninitialized variable (ProcessLight) [F:\Projects\C++\CPGE2026\build\Debug\CrossPlatformGameEngine.vcxproj]
  
  compilation object save succeeded; see F:\Projects\C++\CPGE2026\build\Debug\Debug\ModelPShader.cso
  F:/Projects/C++/CPGE2026/Assets/Shaders/ModelVertex.vert
  F:/Projects/C++/CPGE2026/Assets/Shaders/ModelPixel.frag
  -- ----------------------------------------
  -- VERSION UPDATE: v0.0.1296
  -- Previous: v0.0.1295
  -- Current:  v0.0.1296
  --   BuildInfo.h:    CURRENT_BUILD = 1296
  --   ReleaseInfo.md: updated
  -- ----------------------------------------
  Building Custom Rule F:/Projects/C++/CPGE2026/CMakeLists.txt
  Configuration.cpp
  DX11Renderer.cpp
  DXCamera.cpp
  DXRenderFrame.cpp
  GUIConfigWindow.cpp
  GamingAI.cpp
  IOStreamDX11Thread.cpp
  Joystick.cpp
  KBHandlersCode.cpp
  Models.cpp
  RendererFactory.cpp
  XMMODPlayer.cpp
  main.cpp
  CrossPlatformGameEngine.vcxproj -> F:\Projects\C++\CPGE2026\build\Debug\Debug\DXCPGE.exe
  GLSL copy: ModelVertex.glsl	GLSL copy: ModelPixel.glsl
  Building Custom Rule F:/Projects/C++/CPGE2026/CMakeLists.txt

Build succeeded: Debug -- Sun 24/05/2026   1:38:23.80
